\BOOKMARK [1][-]{section.1}{\376\377\000I\000n\000t\000r\000o\000d\000u\000c\000t\000i\000o\000n}{}% 1
\BOOKMARK [2][-]{subsection.1.1}{\376\377\000C\000o\000n\000t\000r\000i\000b\000u\000t\000i\000o\000n\000s}{section.1}% 2
\BOOKMARK [1][-]{section.2}{\376\377\000B\000a\000c\000k\000g\000r\000o\000u\000n\000d\000\040\000a\000n\000d\000\040\000R\000e\000l\000a\000t\000e\000d\000\040\000W\000o\000r\000k}{}% 3
\BOOKMARK [2][-]{subsection.2.1}{\376\377\000A\000I\000\040\000A\000g\000e\000n\000t\000s\000\040\000i\000n\000\040\000S\000o\000f\000t\000w\000a\000r\000e\000\040\000D\000e\000v\000e\000l\000o\000p\000m\000e\000n\000t}{section.2}% 4
\BOOKMARK [2][-]{subsection.2.2}{\376\377\000P\000r\000o\000o\000f\000\040\000o\000f\000\040\000P\000e\000r\000s\000o\000n\000h\000o\000o\000d}{section.2}% 5
\BOOKMARK [2][-]{subsection.2.3}{\376\377\000S\000o\000f\000t\000w\000a\000r\000e\000\040\000S\000u\000p\000p\000l\000y\000\040\000C\000h\000a\000i\000n\000\040\000S\000e\000c\000u\000r\000i\000t\000y}{section.2}% 6
\BOOKMARK [2][-]{subsection.2.4}{\376\377\000D\000e\000c\000e\000n\000t\000r\000a\000l\000i\000z\000e\000d\000\040\000I\000d\000e\000n\000t\000i\000t\000y}{section.2}% 7
\BOOKMARK [2][-]{subsection.2.5}{\376\377\000A\000I\000\040\000A\000g\000e\000n\000t\000\040\000A\000u\000t\000h\000o\000r\000i\000z\000a\000t\000i\000o\000n}{section.2}% 8
\BOOKMARK [1][-]{section.3}{\376\377\000T\000h\000r\000e\000a\000t\000\040\000M\000o\000d\000e\000l}{}% 9
\BOOKMARK [2][-]{subsection.3.1}{\376\377\000S\000y\000s\000t\000e\000m\000\040\000M\000o\000d\000e\000l}{section.3}% 10
\BOOKMARK [2][-]{subsection.3.2}{\376\377\000A\000d\000v\000e\000r\000s\000a\000r\000y\000\040\000C\000a\000p\000a\000b\000i\000l\000i\000t\000i\000e\000s}{section.3}% 11
\BOOKMARK [2][-]{subsection.3.3}{\376\377\000S\000e\000c\000u\000r\000i\000t\000y\000\040\000G\000o\000a\000l\000s}{section.3}% 12
\BOOKMARK [2][-]{subsection.3.4}{\376\377\000S\000c\000o\000p\000e\000\040\000a\000n\000d\000\040\000L\000i\000m\000i\000t\000a\000t\000i\000o\000n\000s}{section.3}% 13
\BOOKMARK [1][-]{section.4}{\376\377\000P\000r\000o\000p\000o\000s\000e\000d\000\040\000A\000r\000c\000h\000i\000t\000e\000c\000t\000u\000r\000e}{}% 14
\BOOKMARK [2][-]{subsection.4.1}{\376\377\000O\000v\000e\000r\000v\000i\000e\000w}{section.4}% 15
\BOOKMARK [2][-]{subsection.4.2}{\376\377\000I\000d\000e\000n\000t\000i\000t\000y\000\040\000L\000a\000y\000e\000r}{section.4}% 16
\BOOKMARK [2][-]{subsection.4.3}{\376\377\000A\000u\000t\000h\000o\000r\000i\000t\000y\000\040\000L\000a\000y\000e\000r}{section.4}% 17
\BOOKMARK [2][-]{subsection.4.4}{\376\377\000A\000t\000t\000e\000s\000t\000a\000t\000i\000o\000n\000\040\000L\000a\000y\000e\000r}{section.4}% 18
\BOOKMARK [2][-]{subsection.4.5}{\376\377\000I\000n\000t\000e\000g\000r\000a\000t\000i\000o\000n\000\040\000L\000a\000y\000e\000r}{section.4}% 19
\BOOKMARK [1][-]{section.5}{\376\377\000I\000m\000p\000l\000e\000m\000e\000n\000t\000a\000t\000i\000o\000n}{}% 20
\BOOKMARK [2][-]{subsection.5.1}{\376\377\000A\000t\000t\000e\000s\000t\000a\000t\000i\000o\000n\000\040\000D\000a\000t\000a\000\040\000M\000o\000d\000e\000l}{section.5}% 21
\BOOKMARK [1][-]{section.6}{\376\377\000E\000v\000a\000l\000u\000a\000t\000i\000o\000n}{}% 22
\BOOKMARK [2][-]{subsection.6.1}{\376\377\000S\000e\000c\000u\000r\000i\000t\000y\000\040\000A\000n\000a\000l\000y\000s\000i\000s}{section.6}% 23
\BOOKMARK [2][-]{subsection.6.2}{\376\377\000P\000e\000r\000f\000o\000r\000m\000a\000n\000c\000e\000\040\000E\000v\000a\000l\000u\000a\000t\000i\000o\000n}{section.6}% 24
\BOOKMARK [2][-]{subsection.6.3}{\376\377\000G\000a\000s\000\040\000C\000o\000s\000t\000s}{section.6}% 25
\BOOKMARK [1][-]{section.7}{\376\377\000D\000i\000s\000c\000u\000s\000s\000i\000o\000n}{}% 26
\BOOKMARK [2][-]{subsection.7.1}{\376\377\000L\000i\000m\000i\000t\000a\000t\000i\000o\000n\000s}{section.7}% 27
\BOOKMARK [2][-]{subsection.7.2}{\376\377\000F\000u\000t\000u\000r\000e\000\040\000W\000o\000r\000k}{section.7}% 28
\BOOKMARK [1][-]{section.8}{\376\377\000C\000o\000n\000c\000l\000u\000s\000i\000o\000n}{}% 29
\BOOKMARK [1][-]{section*.1}{\376\377\000R\000e\000f\000e\000r\000e\000n\000c\000e\000s}{}% 30
